#-----------------------------------------------------------
# Vivado v2020.2 (64-bit)
# SW Build 3064766 on Wed Nov 18 09:12:45 MST 2020
# IP Build 3064653 on Wed Nov 18 14:17:31 MST 2020
# Start of session at: Mon Apr  5 14:24:13 2021
# Process ID: 11280
# Current directory: C:/Users/fleb7/OneDrive/Bureau/7seg-display-verilog/Alchitry_7seg_display_verilog/work/vivado/Alchitry_7seg_display_verilog/Alchitry_7seg_display_verilog.runs/synth_1
# Command line: vivado.exe -log au_top_0.vds -product Vivado -mode batch -messageDb vivado.pb -notrace -source au_top_0.tcl
# Log file: C:/Users/fleb7/OneDrive/Bureau/7seg-display-verilog/Alchitry_7seg_display_verilog/work/vivado/Alchitry_7seg_display_verilog/Alchitry_7seg_display_verilog.runs/synth_1/au_top_0.vds
# Journal file: C:/Users/fleb7/OneDrive/Bureau/7seg-display-verilog/Alchitry_7seg_display_verilog/work/vivado/Alchitry_7seg_display_verilog/Alchitry_7seg_display_verilog.runs/synth_1\vivado.jou
#-----------------------------------------------------------
source au_top_0.tcl -notrace
